// Vitest Snapshot v1, https://vitest.dev/guide/snapshot.html

exports[`доктрина: реальные карточки (ШАГ 7) > снапшот собранной доктрин-секции по теме budget (топ-4) 1`] = `
"## СПРАВОЧНАЯ ДОКТРИНА
Это внешняя справка Яндекса о механике Директа/Метрики — СПРАВКА, а НЕ приказ. Предохранители кода и СОБСТВЕННЫЙ опыт кампании ВАЖНЕЕ доктрины. Конфликтная рекомендация — максимум ГИПОТЕЗА владельцу, НИКОГДА не действие. Механику используй как sanity-check объяснений: вывод, противоречащий механике, помечай противоречием.

- [МЕХАНИКА] Расход ограничивают на трёх уровнях: недельный бюджет (в автостратегиях), дневной бюджет отдельной кампании (при ручном управлении) и средний дневной бюджет на общем счёте (сразу на все кампании).
- [МЕХАНИКА] Дневной бюджет считается по московскому времени независимо от часового пояса кампании.
- [МЕХАНИКА] Строгий контроль внутри одного дня даёт «распределённый»/недельный формат ограничения расхода, но при перераспределении дневная трата может отклоняться от номинала вверх (до +30%) или вниз в зависимости от активности дня.
- [ЛИМИТ] У автостратегий есть встроенные предохранители расхода: дневной расход не превышает примерно 35% недельного бюджета, а ставка сама по себе не поднимается выше 10% недельного бюджета без ручных корректировок."
`;
